Wed Mar 26 16:33:05 CET 2014
$PROBLEM    PK model
$INPUT      ID TIME DV AMT WT
$DATA       datarich.csv IGNORE=@
$SUBROUTINE ADVAN1 TRANS2
$PK 
 
 TVCL  = THETA(1) * EXP(ETA(1))
 TVV   = THETA(2) * EXP(ETA(2))
 EMAX  = THETA(3)
 E50   = THETA(4)
 HL    = THETA(5)

 CL    = TVCL+((EMAX*WT**HL)/(E50**HL+WT**HL))
 V     = TVV *(WT/70)

 SC    = V
  
$ERROR 
 IPRED = F
 Y= IPRED*(1+EPS(1))+EPS(2)

$THETA  (0,1,100) ; TVCLr
 (0,20,100) ; TVV
 (0,2,10) ; EMAX
 (0,25,200) ; E50
 (0,5,20) ; HL
$OMEGA  0.05
 0.05
$SIGMA  0.015
 0.0015
$SIMULATION (1000) ONLYSIM NSUBPROBLEM=1
$TABLE      ID TIME DV AMT WT FILE=outA.tab NOAPPEND NOPRINT NOHEADER
;$EST METHOD=1 INTER MAXEVAL=9999 SIG=3 PRINT=5 NOABORT POSTHOC


NM-TRAN MESSAGES
  
 WARNINGS AND ERRORS (IF ANY) FOR PROBLEM    1
             
 (WARNING  2) NM-TRAN INFERS THAT THE DATA ARE POPULATION.

License Registered to: Uppsala University
Expiration Date:    14 APR 2014
Current Date:       26 MAR 2014
  **** WARNING!!! Days until program expires :  18 ****
  **** CONTACT idssoftware@iconplc.com FOR RENEWAL ****
1NONLINEAR MIXED EFFECTS MODEL PROGRAM (NONMEM) VERSION 7.3.0
 ORIGINALLY DEVELOPED BY STUART BEAL, LEWIS SHEINER, AND ALISON BOECKMANN
 CURRENT DEVELOPERS ARE ROBERT BAUER, ICON DEVELOPMENT SOLUTIONS,
 AND ALISON BOECKMANN. IMPLEMENTATION, EFFICIENCY, AND STANDARDIZATION
 PERFORMED BY NOUS INFOSYSTEMS.
 
 PROBLEM NO.:         1
 PK model                                                                
0DATA CHECKOUT RUN:              NO 
 DATA SET LOCATED ON UNIT NO.:    2
 THIS UNIT TO BE REWOUND:        NO 
 NO. OF DATA RECS IN DATA SET:      160
 NO. OF DATA ITEMS IN DATA SET:   7
 ID DATA ITEM IS DATA ITEM NO.:   1
 DEP VARIABLE IS DATA ITEM NO.:   3
 MDV DATA ITEM IS DATA ITEM NO.:  7
0INDICES PASSED TO SUBROUTINE PRED:
   6   2   4   0   0   0   0   0   0   0   0
0LABELS FOR DATA ITEMS:
 ID TIME DV AMT WT EVID MDV
0FORMAT FOR DATA:
 (5E8.0,2F2.0)                                                                   
 
 TOT. NO. OF OBS RECS:      140
 TOT. NO. OF INDIVIDUALS:     20
0LENGTH OF THETA:   5
0DEFAULT THETA BOUNDARY TEST OMITTED:    NO 
0OMEGA HAS SIMPLE DIAGONAL FORM WITH DIMENSION:   2
0DEFAULT OMEGA BOUNDARY TEST OMITTED:    NO 
0SIGMA HAS SIMPLE DIAGONAL FORM WITH DIMENSION:   2
0DEFAULT SIGMA BOUNDARY TEST OMITTED:    NO 
0INITIAL ESTIMATE OF THETA:
 LOWER BOUND    INITIAL EST    UPPER BOUND
  0.0000E+00     0.1000E+01     0.1000E+03
  0.0000E+00     0.2000E+02     0.1000E+03
  0.0000E+00     0.2000E+01     0.1000E+02
  0.0000E+00     0.2500E+02     0.2000E+03
  0.0000E+00     0.5000E+01     0.2000E+02
0INITIAL ESTIMATE OF OMEGA:
 0.5000E-01
 0.0000E+00   0.5000E-01
0INITIAL ESTIMATE OF SIGMA:
 0.1500E-01
 0.0000E+00   0.1500E-02
0SIMULATION STEP OMITTED:    NO 
 OBJ FUNC EVALUATED:         NO 
0SIMULATION RANDOM METHOD SELECTED (RANMETHOD): DEFAULT
 SOURCE   1:
   SEED1:          1000   SEED2:             0   PSEUDO-NORMAL       
 NUMBER OF SUBPROBLEMS:    1
0TABLES STEP OMITTED:    NO 
 NO. OF TABLES:           1
 SEED NUMBER (SEED):    11456       
 RANMETHOD:                                 
 MC SAMPLES (ESEED):    300         
 WRES SQUARE ROOT TYPE:            EIGENVALUE
0-- TABLE   1 --
04 COLUMNS APPENDED:     NO 
 PRINTED:                NO 
 HEADER:                 NO
 FILE TO BE FORWARDED:   NO 
 FORMAT:                S1PE11.4
 LFORMAT:               
 RFORMAT:               
0USER-CHOSEN ITEMS:
 ID TIME DV AMT WT
1DOUBLE PRECISION PREDPP VERSION 7.3.0
 
 ONE COMPARTMENT MODEL (ADVAN1)
0MAXIMUM NO. OF BASIC PK PARAMETERS:   2
0BASIC PK PARAMETERS (AFTER TRANSLATION):
   ELIMINATION RATE (K) IS BASIC PK PARAMETER NO.:  1
 
 TRANSLATOR WILL CONVERT PARAMETERS 
 CLEARANCE (CL) AND VOLUME (V) TO K (TRANS2)
0COMPARTMENT ATTRIBUTES 
 COMPT. NO.   FUNCTION   INITIAL    ON/OFF      DOSE      DEFAULT    DEFAULT
                         STATUS     ALLOWED    ALLOWED    FOR DOSE   FOR OBS.
    1         CENTRAL      ON         NO         YES        YES        YES
    2         OUTPUT       OFF        YES        NO         NO         NO 
1
 ADDITIONAL PK PARAMETERS - ASSIGNMENT OF ROWS IN GG
 COMPT. NO.                             INDICES
              SCALE      BIOAVAIL.   ZERO-ORDER  ZERO-ORDER  ABSORB
                         FRACTION    RATE        DURATION    LAG  
    1            3           *           *           *           *
    2            *           -           -           -           -
             - PARAMETER IS NOT ALLOWED FOR THIS MODEL
             * PARAMETER IS NOT SUPPLIED BY PK SUBROUTINE;
               WILL DEFAULT TO ONE IF APPLICABLE
0DATA ITEM INDICES USED BY PRED ARE:
   EVENT ID DATA ITEM IS DATA ITEM NO.:      6
   TIME DATA ITEM IS DATA ITEM NO.:          2
   DOSE AMOUNT DATA ITEM IS DATA ITEM NO.:   4
 
0PK SUBROUTINE CALLED WITH EVERY EVENT RECORD.
 PK SUBROUTINE NOT CALLED AT NONEVENT (ADDITIONAL OR LAGGED) DOSE TIMES.
0ERROR SUBROUTINE CALLED WITH EVERY EVENT RECORD.
1
 PROBLEM NO.:         1     SUBPROBLEM NO.:      1
 
 SIMULATION STEP PERFORMED
 SOURCE  1:
    SEED1:    1734551266   SEED2:             0
 ESTIMATION STEP OMITTED:                 YES 
 #CPUT: Total CPU Time in Seconds,        0.014
Stop Time:
Wed Mar 26 16:33:06 CET 2014
This file was created using /opt/nm_7.3.0_g/run/nmfe73
Started  Wed Mar 26 16:33:05 2014
Finished Wed Mar 26 16:33:06 2014
